// Jest Snapshot v1, https://goo.gl/fbAQLP

exports[`<JSONDiffEditor /> spec renders the component 1`] = `
HTMLCollection [
  <div>
    <div>
      <textarea
        data-test-subj="json-editor-value-display"
        style="display: none;"
        title="editor-is-ready-false"
      />
      <div
        style="display: flex; margin-bottom: 12px;"
      >
        <div
          style="flex-grow: 1;"
        >
          <div
            class="euiFormRow"
            id="some_html_id-row"
          >
            <div
              class="euiFormRow__labelWrapper"
            >
              <label
                class="euiFormLabel euiFormRow__label"
                for="some_html_id"
              >
                Original
              </label>
            </div>
            <div
              class="euiFormRow__fieldWrapper"
            >
              <div
                class="euiFormHelpText euiFormRow__text"
                style="padding-top: 0px; padding-bottom: 4px;"
              >
                The original value
              </div>
            </div>
          </div>
        </div>
        <div
          style="flex-grow: 1;"
        >
          <div
            class="euiFormRow"
            id="some_html_id-row"
          >
            <div
              class="euiFormRow__labelWrapper"
            >
              <label
                class="euiFormLabel euiFormRow__label"
                for="some_html_id"
              >
                Modified
              </label>
            </div>
            <div
              class="euiFormRow__fieldWrapper"
            >
              <div
                class="euiFormHelpText euiFormRow__text"
                style="padding-top: 0px; padding-bottom: 4px;"
              >
                The value you modified
              </div>
            </div>
          </div>
        </div>
      </div>
      <section
        style="display: flex; position: relative; text-align: initial; width: 100%; height: 600px;"
      >
        <div
          style="display: flex; height: 100%; width: 100%; justify-content: center; align-items: center;"
        >
          Loading...
        </div>
        <div
          style="width: 100%; display: none;"
        />
      </section>
    </div>
  </div>,
  <script
    src="https://cdn.jsdelivr.net/npm/monaco-editor@0.21.2/min/vs/loader.js"
  />,
]
`;
