// Jest Snapshot v1, https://goo.gl/fbAQLP

exports[`<AssociatedTemplatesModal /> spec renders the component 1`] = `
HTMLCollection [
  <div
    aria-hidden="true"
    data-aria-hidden="true"
  >
    <div
      data-test-subj="test"
    >
      123
    </div>
  </div>,
  <div
    class="euiOverlayMask euiOverlayMask--belowHeader"
  >
    <div
      aria-hidden="true"
      data-aria-hidden="true"
      data-focus-guard="true"
      style="width: 1px; height: 0px; padding: 0px; overflow: hidden; position: fixed; top: 1px; left: 1px;"
      tabindex="0"
    />
    <div
      data-focus-lock-disabled="false"
    >
      <div
        class="euiFlyout euiFlyout--medium euiFlyout--paddingLarge"
        role="dialog"
        tabindex="-1"
      >
        <button
          aria-label="Close this dialog"
          class="euiButtonIcon euiButtonIcon--text euiButtonIcon--empty euiButtonIcon--xSmall euiFlyout__closeButton euiFlyout__closeButton--inside"
          data-test-subj="euiFlyoutCloseButton"
          type="button"
        >
          EuiIconMock
        </button>
        <div
          class="euiFlyoutHeader"
        >
          <h2
            class="euiTitle euiTitle--medium"
          >
            Associated index templates
          </h2>
        </div>
        <div
          class="euiFlyoutBody"
        >
          <div
            class="euiFlyoutBody__overflow"
            tabindex="0"
          >
            <div
              class="euiFlyoutBody__overflowContent"
            >
              <div
                class="euiBasicTable"
              >
                <div>
                  <div
                    class="euiTableHeaderMobile"
                  >
                    <div
                      class="euiFlexGroup euiFlexGroup--gutterLarge euiFlexGroup--alignItemsBaseline euiFlexGroup--justifyContentSpaceBetween euiFlexGroup--directionRow"
                    >
                      <div
                        class="euiFlexItem euiFlexItem--flexGrowZero"
                      />
                      <div
                        class="euiFlexItem euiFlexItem--flexGrowZero"
                      />
                    </div>
                  </div>
                  <table
                    class="euiTable euiTable--responsive"
                    id="some_html_id"
                    tabindex="-1"
                  >
                    <caption
                      class="euiScreenReaderOnly euiTableCaption"
                    />
                    <thead>
                      <tr>
                        <th
                          class="euiTableHeaderCell"
                          data-test-subj="tableHeaderCell_name_0"
                          role="columnheader"
                          scope="col"
                        >
                          <span
                            class="euiTableCellContent"
                          >
                            <span
                              class="euiTableCellContent__text"
                              title="Templates"
                            >
                              Templates
                            </span>
                          </span>
                        </th>
                        <th
                          class="euiTableHeaderCell"
                          data-test-subj="tableHeaderCell_actions_1"
                          role="columnheader"
                          scope="col"
                        >
                          <span
                            class="euiTableCellContent euiTableCellContent--alignRight"
                          >
                            <span
                              class="euiTableCellContent__text"
                              title="Actions"
                            >
                              Actions
                            </span>
                          </span>
                        </th>
                      </tr>
                    </thead>
                    <tbody>
                      <tr
                        class="euiTableRow"
                      >
                        <td
                          class="euiTableRowCell euiTableRowCell--isMobileFullWidth"
                          colspan="2"
                        >
                          <div
                            class="euiTableCellContent euiTableCellContent--alignCenter"
                          >
                            <span
                              class="euiTableCellContent__text"
                            >
                              No items found
                            </span>
                          </div>
                        </td>
                      </tr>
                    </tbody>
                  </table>
                </div>
              </div>
            </div>
          </div>
        </div>
      </div>
    </div>
    <div
      aria-hidden="true"
      data-aria-hidden="true"
      data-focus-guard="true"
      style="width: 1px; height: 0px; padding: 0px; overflow: hidden; position: fixed; top: 1px; left: 1px;"
      tabindex="0"
    />
  </div>,
]
`;
