// Jest Snapshot v1, https://goo.gl/fbAQLP

exports[`<FormGenerator /> spec render the component 1`] = `
HTMLCollection [
  <div>
    <div
      class="euiFormRow"
      id="some_html_id-row"
    >
      <div
        class="euiFormRow__fieldWrapper"
      >
        <h1>
          test custom form row
        </h1>
      </div>
    </div>
  </div>,
]
`;
