// Jest Snapshot v1, https://goo.gl/fbAQLP

exports[`<Indices /> spec renders the component 1`] = `
<div
  class="euiPanel euiPanel--paddingMedium euiPanel--borderRadiusMedium euiPanel--plain euiPanel--hasShadow"
  style="padding-left: 0px; padding-right: 0px;"
>
  <div
    class="euiFlexGroup euiFlexGroup--gutterLarge euiFlexGroup--alignItemsFlexStart euiFlexGroup--justifyContentSpaceBetween euiFlexGroup--directionRow euiFlexGroup--responsive"
    style="padding: 0px 10px;"
  >
    <div
      class="euiFlexItem"
    >
      <h3
        class="euiTitle euiTitle--large"
      >
        Aliases
      </h3>
    </div>
    <div
      class="euiFlexItem euiFlexItem--flexGrowZero"
    >
      <div
        class="euiFlexGroup euiFlexGroup--gutterLarge euiFlexGroup--alignItemsCenter euiFlexGroup--justifyContentSpaceBetween euiFlexGroup--directionRow euiFlexGroup--responsive"
      >
        <div
          class="euiFlexItem"
        >
          <div
            class="euiFlexGroup euiFlexGroup--gutterLarge euiFlexGroup--alignItemsCenter euiFlexGroup--justifyContentSpaceBetween euiFlexGroup--directionRow euiFlexGroup--responsive"
          >
            <div
              class="euiFlexItem euiFlexItem--flexGrowZero"
            >
              <button
                class="euiButton euiButton--primary euiButton--fill"
                data-test-subj="Create AliasButton"
                type="button"
              >
                <span
                  class="euiButtonContent euiButton__content"
                >
                  <span
                    class="euiButton__text"
                  >
                    Create Alias
                  </span>
                </span>
              </button>
            </div>
          </div>
        </div>
      </div>
    </div>
  </div>
  <hr
    class="euiHorizontalRule euiHorizontalRule--full euiHorizontalRule--marginXSmall"
  />
  <div
    style="padding: initial;"
  >
    <div
      class="euiFlexGroup euiFlexGroup--gutterLarge euiFlexGroup--alignItemsCenter euiFlexGroup--directionRow euiFlexGroup--responsive"
      style="padding: 0px 5px;"
    >
      <div
        class="euiFlexItem"
      >
        <div
          class="euiFlexGroup euiFlexGroup--gutterMedium euiFlexGroup--alignItemsCenter euiFlexGroup--directionRow euiFlexGroup--responsive euiFlexGroup--wrap"
        >
          <div
            class="euiFlexItem euiSearchBar__searchHolder"
          >
            <div
              class="euiFormControlLayout euiFormControlLayout--fullWidth"
            >
              <div
                class="euiFormControlLayout__childrenWrapper"
              >
                <input
                  aria-label="This is a search bar. After typing your query, hit enter to filter the results lower in the page."
                  class="euiFieldSearch euiFieldSearch--fullWidth"
                  placeholder="Search..."
                  type="search"
                  value=""
                />
                <div
                  class="euiFormControlLayoutIcons"
                >
                  <span
                    class="euiFormControlLayoutCustomIcon"
                  >
                    EuiIconMock
                  </span>
                </div>
              </div>
            </div>
          </div>
        </div>
      </div>
    </div>
    <hr
      class="euiHorizontalRule euiHorizontalRule--full euiHorizontalRule--marginXSmall"
    />
    <div
      class="euiBasicTable"
    >
      <div>
        <div
          class="euiTableHeaderMobile"
        >
          <div
            class="euiFlexGroup euiFlexGroup--gutterLarge euiFlexGroup--alignItemsBaseline euiFlexGroup--justifyContentSpaceBetween euiFlexGroup--directionRow"
          >
            <div
              class="euiFlexItem euiFlexItem--flexGrowZero"
            >
              <div
                class="euiCheckbox"
              >
                <input
                  aria-label="Select all rows"
                  class="euiCheckbox__input"
                  disabled=""
                  id="_selection_column-checkbox_some_html_id"
                  type="checkbox"
                />
                <div
                  class="euiCheckbox__square"
                />
                <label
                  class="euiCheckbox__label"
                  for="_selection_column-checkbox_some_html_id"
                >
                  Select all rows
                </label>
              </div>
            </div>
            <div
              class="euiFlexItem euiFlexItem--flexGrowZero"
            >
              <div
                class="euiTableSortMobile"
              >
                <div
                  class="euiPopover euiPopover--anchorDownRight"
                >
                  <div
                    class="euiPopover__anchor"
                  >
                    <button
                      class="euiButtonEmpty euiButtonEmpty--primary euiButtonEmpty--xSmall euiButtonEmpty--flushRight"
                      type="button"
                    >
                      <span
                        class="euiButtonContent euiButtonContent--iconRight euiButtonEmpty__content"
                      >
                        EuiIconMock
                        <span
                          class="euiButtonEmpty__text"
                        >
                          Sorting
                        </span>
                      </span>
                    </button>
                  </div>
                </div>
              </div>
            </div>
          </div>
        </div>
        <table
          class="euiTable euiTable--responsive"
          id="some_html_id"
          tabindex="-1"
        >
          <caption
            class="euiScreenReaderOnly euiTableCaption"
          />
          <thead>
            <tr>
              <th
                class="euiTableHeaderCellCheckbox"
                scope="col"
              >
                <div
                  class="euiTableCellContent"
                >
                  <div
                    class="euiCheckbox euiCheckbox--inList euiCheckbox--noLabel"
                  >
                    <input
                      aria-label="Select all rows"
                      class="euiCheckbox__input"
                      data-test-subj="checkboxSelectAll"
                      disabled=""
                      id="_selection_column-checkbox_some_html_id"
                      type="checkbox"
                    />
                    <div
                      class="euiCheckbox__square"
                    />
                  </div>
                </div>
              </th>
              <th
                aria-live="polite"
                aria-sort="descending"
                class="euiTableHeaderCell"
                data-test-subj="tableHeaderCell_alias_0"
                role="columnheader"
                scope="col"
              >
                <button
                  class="euiTableHeaderButton euiTableHeaderButton-isSorted"
                  data-test-subj="tableHeaderSortButton"
                  type="button"
                >
                  <span
                    class="euiTableCellContent"
                  >
                    <span
                      class="euiTableCellContent__text"
                      title="Alias Name"
                    >
                      Alias Name
                    </span>
                    EuiIconMock
                  </span>
                </button>
              </th>
              <th
                aria-live="polite"
                aria-sort="none"
                class="euiTableHeaderCell"
                data-test-subj="tableHeaderCell_index_1"
                role="columnheader"
                scope="col"
              >
                <button
                  class="euiTableHeaderButton"
                  data-test-subj="tableHeaderSortButton"
                  type="button"
                >
                  <span
                    class="euiTableCellContent"
                  >
                    <span
                      class="euiTableCellContent__text"
                      title="Index Name"
                    >
                      Index Name
                    </span>
                  </span>
                </button>
              </th>
            </tr>
          </thead>
          <tbody>
            <tr
              class="euiTableRow"
            >
              <td
                class="euiTableRowCell euiTableRowCell--isMobileFullWidth"
                colspan="3"
              >
                <div
                  class="euiTableCellContent euiTableCellContent--alignCenter"
                >
                  <span
                    class="euiTableCellContent__text"
                  >
                    No items found
                  </span>
                </div>
              </td>
            </tr>
          </tbody>
        </table>
      </div>
    </div>
  </div>
</div>
`;
